Microchip Technology Inc, v1.25 (A)

Tool Name:
  c:\program files (x86)\microchip\xc16\v1.25\bin\bin\..\bin/elf-ld.exe

Command:
  -p33FJ32GP202 \
  -o \
  dist/default/production/proyecto.X.production.elf \
  -Lc:/program files (x86)/microchip/xc16/v1.25/bin/bin/.. \
  -Lc:/program files (x86)/microchip/xc16/v1.25/bin/bin/../../lib \
  -Lc:/program files (x86)/microchip/xc16/v1.25/bin/bin/../../support/PIC24E/gld \
  -Lc:/program files (x86)/microchip/xc16/v1.25/bin/bin/../../support/PIC24F/gld \
  -Lc:/program files (x86)/microchip/xc16/v1.25/bin/bin/../../support/PIC24H/gld \
  -Lc:/program files (x86)/microchip/xc16/v1.25/bin/bin/../../support/dsPIC30F/gld \
  -Lc:/program files (x86)/microchip/xc16/v1.25/bin/bin/../../support/dsPIC33E/gld \
  -Lc:/program files (x86)/microchip/xc16/v1.25/bin/bin/../../support/dsPIC33F/gld \
  build/default/production/config.o \
  build/default/production/main.o \
  build/default/production/led.o \
  build/default/production/humedad.o \
  build/default/production/ConversorAD.o \
  build/default/production/luminosidad.o \
  build/default/production/interrupciones.o \
  build/default/production/temperatura.o \
  build/default/production/agua.o \
  --defsym=__MPLAB_BUILD=1 \
  -Tp33FJ32GP202.gld.00 \
  --stack=16 \
  --check-sections \
  --data-init \
  --pack-data \
  --handles \
  --isr \
  --no-gc-sections \
  --fill-upper=0 \
  --stackguard=16 \
  --no-force-link \
  --smart-io \
  -Map=dist/default/production/proyecto.X.production.map \
  --report-mem \
  --memorysummary \
  dist/default/production/memoryfile.xml \
  -start-group \
  --library=lega-pic30-elf \
  --library=m-elf \
  --library=lega-c-elf \
  -end-group \


Optional library libp33FJ32GP202.a not found
Archive member included because of file (symbol)

c:/program files (x86)/microchip/xc16/v1.25/bin/bin/../../lib\liblega-pic30-elf.a(crt0_standard.o)
                              (__resetPRI)
c:/program files (x86)/microchip/xc16/v1.25/bin/bin/../../lib\liblega-pic30-elf.a(data_init_standard.o)
                              c:/program files (x86)/microchip/xc16/v1.25/bin/bin/../../lib\liblega-pic30-elf.a(crt0_standard.o) (__data_init_standard)


xc16-ld 1.25 (A)

Program Memory  [Origin = 0x200, Length = 0x5600]

section                    address   length (PC units)   length (bytes) (dec)
-------                    -------   -----------------   --------------------
.text                        0x200                0x9e            0xed  (237)
.text                        0x29e               0x3d8           0x5c4  (1476)
.dinit                       0x676                 0x2             0x3  (3)

                     Total program memory used (bytes):          0x6b4  (1716) 5%


Data Memory  [Origin = 0x800, Length = 0x800]

section                    address      alignment gaps    total length  (dec)
-------                    -------      --------------    -------------------

                        Total data memory used (bytes):              0  (0) 


Dynamic Memory Usage

region                     address                      maximum length  (dec)
------                     -------                      ---------------------
heap                             0                                   0  (0)
stack                        0x800                               0x800  (2048)

                        Maximum dynamic memory (bytes):          0x800  (2048)


External Symbols in Program Memory (by address):

                  0x000200                  __resetPRI
                  0x00022c                  __psv_init
                  0x00023c                  __data_init
                  0x00023c                  __data_init_standard
                  0x00029a                  __DefaultInterrupt
                  0x00029e                  _humedad
                  0x00036e                  _luminosidad
                  0x00043e                  _temperatura
                  0x00050e                  _init_ad
                  0x000546                  _get_ad
                  0x000586                  _InicializarReloj
                  0x0005da                  _EnciendeLed
                  0x0005f2                  _ApagaLed
                  0x000608                  _main
                  0x000634                  _da_agua
                  0x00065c                  _init_T1

External Symbols in Program Memory (by name):

                  0x0005f2                  _ApagaLed
                  0x0005da                  _EnciendeLed
                  0x000586                  _InicializarReloj
                  0x00029a                  __DefaultInterrupt
                  0x00023c                  __data_init
                  0x00023c                  __data_init_standard
                  0x00022c                  __psv_init
                  0x000200                  __resetPRI
                  0x000634                  _da_agua
                  0x000546                  _get_ad
                  0x00029e                  _humedad
                  0x00065c                  _init_T1
                  0x00050e                  _init_ad
                  0x00036e                  _luminosidad
                  0x000608                  _main
                  0x00043e                  _temperatura

Memory Configuration

Name             Origin             Length             Attributes
data             0x000800           0x000800           a !xr
reset            0x000000           0x000004  
ivt              0x000004           0x0000fc  
_reserved        0x000100           0x000004  
aivt             0x000104           0x0000fc  
program          0x000200           0x005600           xr
FBS              0xf80000           0x000002  
FGS              0xf80004           0x000002  
FOSCSEL          0xf80006           0x000002  
FOSC             0xf80008           0x000002  
FWDT             0xf8000a           0x000002  
FPOR             0xf8000c           0x000002  
FICD             0xf8000e           0x000002  
FUID0            0xf80010           0x000002  
FUID1            0xf80012           0x000002  
FUID2            0xf80014           0x000002  
FUID3            0xf80016           0x000002  
*default*        0x000000           0xffffffff  

Linker script and memory map

LOAD build/default/production/config.o
LOAD build/default/production/main.o
LOAD build/default/production/led.o
LOAD build/default/production/humedad.o
LOAD build/default/production/ConversorAD.o
LOAD build/default/production/luminosidad.o
LOAD build/default/production/interrupciones.o
LOAD build/default/production/temperatura.o
LOAD build/default/production/agua.o
                    0x0001                  __MPLAB_BUILD = 0x1
LOAD p33FJ32GP202
LOAD c:/program files (x86)/microchip/xc16/v1.25/bin/bin/../../lib\libfx-elf.a
                    0xf80000                  __FBS = 0xf80000
                    0xf80004                  __FGS = 0xf80004
                    0xf80006                  __FOSCSEL = 0xf80006
                    0xf80008                  __FOSC = 0xf80008
                    0xf8000a                  __FWDT = 0xf8000a
                    0xf8000c                  __FPOR = 0xf8000c
                    0xf8000e                  __FICD = 0xf8000e
                    0xf80010                  __FUID0 = 0xf80010
                    0xf80012                  __FUID1 = 0xf80012
                    0xf80014                  __FUID2 = 0xf80014
                    0xf80016                  __FUID3 = 0xf80016
                    0x0001                  __NO_HANDLES = 0x1
                    0x0200                  __CODE_BASE = 0x200
                    0x5600                  __CODE_LENGTH = 0x5600
                    0x0004                  __IVT_BASE = 0x4
                    0x0104                  __AIVT_BASE = 0x104
                    0x0800                  __DATA_BASE = 0x800
                    0x0800                  __DATA_LENGTH = 0x800
                    0x0c00                  __YDATA_BASE = 0xc00

.reset            0x000000          0x4
                  0x000000          0x2 SHORT 0x200 ABSOLUTE (__reset)
                  0x000001          0x2 SHORT 0x4
                  0x000002          0x2 SHORT 0x0 ((ABSOLUTE (__reset) >> 0x10) & 0x7f)
                  0x000003          0x2 SHORT 0x0

.text             0x000200         0x9e
 *(.init)
 .init            0x000200         0x3c c:/program files (x86)/microchip/xc16/v1.25/bin/bin/../../lib\liblega-pic30-elf.a(crt0_standard.o)
                  0x000200                  __resetPRI
                  0x000200                  __reset
                  0x00022c                  __psv_init
 .init            0x00023c         0x5e c:/program files (x86)/microchip/xc16/v1.25/bin/bin/../../lib\liblega-pic30-elf.a(data_init_standard.o)
                  0x00023c                  __data_init_standard
                  0x00023c                  __data_init
 *(.user_init)
 *(.handle)
 *(.isr*)
 .isr             0x00029a          0x4 default_isr
                  0x00029a                  __DefaultInterrupt
 *(.libc)
 *(.libm)
 *(.libdsp)
 *(.lib*)

usercode
 *(usercode)

__FBS             0xf80000          0x2
 *(__FBS.sec*)
 __FBS.sec        0xf80000          0x2 build/default/production/config.o

__FGS             0xf80004          0x2
 *(__FGS.sec*)
 __FGS.sec        0xf80004          0x2 build/default/production/config.o

__FOSCSEL         0xf80006          0x2
 *(__FOSCSEL.sec*)
 __FOSCSEL.sec    0xf80006          0x2 build/default/production/config.o

__FOSC            0xf80008          0x2
 *(__FOSC.sec*)
 __FOSC.sec       0xf80008          0x2 build/default/production/config.o

__FWDT            0xf8000a          0x2
 *(__FWDT.sec*)
 __FWDT.sec       0xf8000a          0x2 build/default/production/config.o

__FPOR            0xf8000c          0x2
 *(__FPOR.sec*)
 __FPOR.sec       0xf8000c          0x2 build/default/production/config.o

__FICD            0xf8000e          0x2
 *(__FICD.sec*)
 __FICD.sec       0xf8000e          0x2 build/default/production/config.o

__FUID0
 *(__FUID0.sec*)

__FUID1
 *(__FUID1.sec*)

__FUID2
 *(__FUID2.sec*)

__FUID3
 *(__FUID3.sec*)

.comment
 *(.comment)

.debug_info       0x000000       0x14fd
 *(.debug_info)
 .debug_info      0x000000        0x56b build/default/production/config.o
 .debug_info      0x00056b        0x16f build/default/production/main.o
 .debug_info      0x0006da        0x14e build/default/production/led.o
 .debug_info      0x000828         0xff build/default/production/humedad.o
 .debug_info      0x000927        0x3b6 build/default/production/ConversorAD.o
 .debug_info      0x000cdd        0x107 build/default/production/luminosidad.o
 .debug_info      0x000de4        0x4e0 build/default/production/interrupciones.o
 .debug_info      0x0012c4        0x107 build/default/production/temperatura.o
 .debug_info      0x0013cb        0x132 build/default/production/agua.o
 *(.gnu.linkonce.wi.*)

.debug_abbrev     0x000000        0x443
 *(.debug_abbrev)
 .debug_abbrev    0x000000         0xc9 build/default/production/config.o
 .debug_abbrev    0x0000c9         0x82 build/default/production/main.o
 .debug_abbrev    0x00014b         0x5d build/default/production/led.o
 .debug_abbrev    0x0001a8         0x45 build/default/production/humedad.o
 .debug_abbrev    0x0001ed         0xb7 build/default/production/ConversorAD.o
 .debug_abbrev    0x0002a4         0x45 build/default/production/luminosidad.o
 .debug_abbrev    0x0002e9         0xb8 build/default/production/interrupciones.o
 .debug_abbrev    0x0003a1         0x45 build/default/production/temperatura.o
 .debug_abbrev    0x0003e6         0x5d build/default/production/agua.o

.debug_line       0x000000        0x9b9
 *(.debug_line)
 .debug_line      0x000000         0xe1 build/default/production/config.o
 .debug_line      0x0000e1         0xf7 build/default/production/main.o
 .debug_line      0x0001d8         0xd0 build/default/production/led.o
 .debug_line      0x0002a8        0x16b build/default/production/humedad.o
 .debug_line      0x000413        0x130 build/default/production/ConversorAD.o
 .debug_line      0x000543        0x16f build/default/production/luminosidad.o
 .debug_line      0x0006b2         0xe1 build/default/production/interrupciones.o
 .debug_line      0x000793        0x16f build/default/production/temperatura.o
 .debug_line      0x000902         0xb7 build/default/production/agua.o

.debug_frame      0x000000        0x164
 *(.debug_frame)
 .debug_frame     0x000000         0x24 build/default/production/config.o
 .debug_frame     0x000024         0x24 build/default/production/main.o
 .debug_frame     0x000048         0x34 build/default/production/led.o
 .debug_frame     0x00007c         0x24 build/default/production/humedad.o
 .debug_frame     0x0000a0         0x34 build/default/production/ConversorAD.o
 .debug_frame     0x0000d4         0x24 build/default/production/luminosidad.o
 .debug_frame     0x0000f8         0x24 build/default/production/interrupciones.o
 .debug_frame     0x00011c         0x24 build/default/production/temperatura.o
 .debug_frame     0x000140         0x24 build/default/production/agua.o

.debug_str        0x000000         0x4d
 *(.debug_str)
 .debug_str       0x000000         0x16 build/default/production/config.o
 .debug_str       0x000016          0x9 build/default/production/main.o
 .debug_str       0x00001f         0x12 build/default/production/ConversorAD.o
 .debug_str       0x000031         0x1c build/default/production/interrupciones.o

.debug_loc
 *(.debug_loc)

.debug_macinfo
 *(.debug_macinfo)

.debug_pubnames
                  0x000000        0x17f
 *(.debug_pubnames)
 .debug_pubnames
                  0x000000         0x6e build/default/production/config.o
 .debug_pubnames
                  0x00006e         0x1b build/default/production/main.o
 .debug_pubnames
                  0x000089         0x2f build/default/production/led.o
 .debug_pubnames
                  0x0000b8         0x1e build/default/production/humedad.o
 .debug_pubnames
                  0x0000d6         0x29 build/default/production/ConversorAD.o
 .debug_pubnames
                  0x0000ff         0x22 build/default/production/luminosidad.o
 .debug_pubnames
                  0x000121         0x1e build/default/production/interrupciones.o
 .debug_pubnames
                  0x00013f         0x22 build/default/production/temperatura.o
 .debug_pubnames
                  0x000161         0x1e build/default/production/agua.o

.debug_ranges
 *(.debug_ranges)

.debug_aranges    0x000000         0xd8
 *(.debug_aranges)
 .debug_aranges
                  0x000000         0x18 build/default/production/config.o
 .debug_aranges
                  0x000018         0x18 build/default/production/main.o
 .debug_aranges
                  0x000030         0x18 build/default/production/led.o
 .debug_aranges
                  0x000048         0x18 build/default/production/humedad.o
 .debug_aranges
                  0x000060         0x18 build/default/production/ConversorAD.o
 .debug_aranges
                  0x000078         0x18 build/default/production/luminosidad.o
 .debug_aranges
                  0x000090         0x18 build/default/production/interrupciones.o
 .debug_aranges
                  0x0000a8         0x18 build/default/production/temperatura.o
 .debug_aranges
                  0x0000c0         0x18 build/default/production/agua.o

.ivt              0x000004         0xfc
                  0x000004          0x4 LONG 0x29a DEFINED (__ReservedTrap0)?ABSOLUTE (__ReservedTrap0):ABSOLUTE (__DefaultInterrupt)
                  0x000006          0x4 LONG 0x29a DEFINED (__OscillatorFail)?ABSOLUTE (__OscillatorFail):ABSOLUTE (__DefaultInterrupt)
                  0x000008          0x4 LONG 0x29a DEFINED (__AddressError)?ABSOLUTE (__AddressError):ABSOLUTE (__DefaultInterrupt)
                  0x00000a          0x4 LONG 0x29a DEFINED (__StackError)?ABSOLUTE (__StackError):ABSOLUTE (__DefaultInterrupt)
                  0x00000c          0x4 LONG 0x29a DEFINED (__MathError)?ABSOLUTE (__MathError):ABSOLUTE (__DefaultInterrupt)
                  0x00000e          0x4 LONG 0x29a DEFINED (__ReservedTrap5)?ABSOLUTE (__ReservedTrap5):ABSOLUTE (__DefaultInterrupt)
                  0x000010          0x4 LONG 0x29a DEFINED (__ReservedTrap6)?ABSOLUTE (__ReservedTrap6):ABSOLUTE (__DefaultInterrupt)
                  0x000012          0x4 LONG 0x29a DEFINED (__ReservedTrap7)?ABSOLUTE (__ReservedTrap7):ABSOLUTE (__DefaultInterrupt)
                  0x000014          0x4 LONG 0x29a DEFINED (__INT0Interrupt)?ABSOLUTE (__INT0Interrupt):ABSOLUTE (__DefaultInterrupt)
                  0x000016          0x4 LONG 0x29a DEFINED (__IC1Interrupt)?ABSOLUTE (__IC1Interrupt):ABSOLUTE (__DefaultInterrupt)
                  0x000018          0x4 LONG 0x29a DEFINED (__OC1Interrupt)?ABSOLUTE (__OC1Interrupt):ABSOLUTE (__DefaultInterrupt)
                  0x00001a          0x4 LONG 0x29a DEFINED (__T1Interrupt)?ABSOLUTE (__T1Interrupt):ABSOLUTE (__DefaultInterrupt)
                  0x00001c          0x4 LONG 0x29a DEFINED (__Interrupt4)?ABSOLUTE (__Interrupt4):ABSOLUTE (__DefaultInterrupt)
                  0x00001e          0x4 LONG 0x29a DEFINED (__IC2Interrupt)?ABSOLUTE (__IC2Interrupt):ABSOLUTE (__DefaultInterrupt)
                  0x000020          0x4 LONG 0x29a DEFINED (__OC2Interrupt)?ABSOLUTE (__OC2Interrupt):ABSOLUTE (__DefaultInterrupt)
                  0x000022          0x4 LONG 0x29a DEFINED (__T2Interrupt)?ABSOLUTE (__T2Interrupt):ABSOLUTE (__DefaultInterrupt)
                  0x000024          0x4 LONG 0x29a DEFINED (__T3Interrupt)?ABSOLUTE (__T3Interrupt):ABSOLUTE (__DefaultInterrupt)
                  0x000026          0x4 LONG 0x29a DEFINED (__SPI1ErrInterrupt)?ABSOLUTE (__SPI1ErrInterrupt):ABSOLUTE (__DefaultInterrupt)
                  0x000028          0x4 LONG 0x29a DEFINED (__SPI1Interrupt)?ABSOLUTE (__SPI1Interrupt):ABSOLUTE (__DefaultInterrupt)
                  0x00002a          0x4 LONG 0x29a DEFINED (__U1RXInterrupt)?ABSOLUTE (__U1RXInterrupt):ABSOLUTE (__DefaultInterrupt)
                  0x00002c          0x4 LONG 0x29a DEFINED (__U1TXInterrupt)?ABSOLUTE (__U1TXInterrupt):ABSOLUTE (__DefaultInterrupt)
                  0x00002e          0x4 LONG 0x29a DEFINED (__ADC1Interrupt)?ABSOLUTE (__ADC1Interrupt):ABSOLUTE (__DefaultInterrupt)
                  0x000030          0x4 LONG 0x29a DEFINED (__Interrupt14)?ABSOLUTE (__Interrupt14):ABSOLUTE (__DefaultInterrupt)
                  0x000032          0x4 LONG 0x29a DEFINED (__Interrupt15)?ABSOLUTE (__Interrupt15):ABSOLUTE (__DefaultInterrupt)
                  0x000034          0x4 LONG 0x29a DEFINED (__SI2C1Interrupt)?ABSOLUTE (__SI2C1Interrupt):ABSOLUTE (__DefaultInterrupt)
                  0x000036          0x4 LONG 0x29a DEFINED (__MI2C1Interrupt)?ABSOLUTE (__MI2C1Interrupt):ABSOLUTE (__DefaultInterrupt)
                  0x000038          0x4 LONG 0x29a DEFINED (__Interrupt18)?ABSOLUTE (__Interrupt18):ABSOLUTE (__DefaultInterrupt)
                  0x00003a          0x4 LONG 0x29a DEFINED (__CNInterrupt)?ABSOLUTE (__CNInterrupt):ABSOLUTE (__DefaultInterrupt)
                  0x00003c          0x4 LONG 0x29a DEFINED (__INT1Interrupt)?ABSOLUTE (__INT1Interrupt):ABSOLUTE (__DefaultInterrupt)
                  0x00003e          0x4 LONG 0x29a DEFINED (__Interrupt21)?ABSOLUTE (__Interrupt21):ABSOLUTE (__DefaultInterrupt)
                  0x000040          0x4 LONG 0x29a DEFINED (__IC7Interrupt)?ABSOLUTE (__IC7Interrupt):ABSOLUTE (__DefaultInterrupt)
                  0x000042          0x4 LONG 0x29a DEFINED (__IC8Interrupt)?ABSOLUTE (__IC8Interrupt):ABSOLUTE (__DefaultInterrupt)
                  0x000044          0x4 LONG 0x29a DEFINED (__Interrupt24)?ABSOLUTE (__Interrupt24):ABSOLUTE (__DefaultInterrupt)
                  0x000046          0x4 LONG 0x29a DEFINED (__Interrupt25)?ABSOLUTE (__Interrupt25):ABSOLUTE (__DefaultInterrupt)
                  0x000048          0x4 LONG 0x29a DEFINED (__Interrupt26)?ABSOLUTE (__Interrupt26):ABSOLUTE (__DefaultInterrupt)
                  0x00004a          0x4 LONG 0x29a DEFINED (__Interrupt27)?ABSOLUTE (__Interrupt27):ABSOLUTE (__DefaultInterrupt)
                  0x00004c          0x4 LONG 0x29a DEFINED (__Interrupt28)?ABSOLUTE (__Interrupt28):ABSOLUTE (__DefaultInterrupt)
                  0x00004e          0x4 LONG 0x29a DEFINED (__INT2Interrupt)?ABSOLUTE (__INT2Interrupt):ABSOLUTE (__DefaultInterrupt)
                  0x000050          0x4 LONG 0x29a DEFINED (__Interrupt30)?ABSOLUTE (__Interrupt30):ABSOLUTE (__DefaultInterrupt)
                  0x000052          0x4 LONG 0x29a DEFINED (__Interrupt31)?ABSOLUTE (__Interrupt31):ABSOLUTE (__DefaultInterrupt)
                  0x000054          0x4 LONG 0x29a DEFINED (__Interrupt32)?ABSOLUTE (__Interrupt32):ABSOLUTE (__DefaultInterrupt)
                  0x000056          0x4 LONG 0x29a DEFINED (__Interrupt33)?ABSOLUTE (__Interrupt33):ABSOLUTE (__DefaultInterrupt)
                  0x000058          0x4 LONG 0x29a DEFINED (__Interrupt34)?ABSOLUTE (__Interrupt34):ABSOLUTE (__DefaultInterrupt)
                  0x00005a          0x4 LONG 0x29a DEFINED (__Interrupt35)?ABSOLUTE (__Interrupt35):ABSOLUTE (__DefaultInterrupt)
                  0x00005c          0x4 LONG 0x29a DEFINED (__Interrupt36)?ABSOLUTE (__Interrupt36):ABSOLUTE (__DefaultInterrupt)
                  0x00005e          0x4 LONG 0x29a DEFINED (__Interrupt37)?ABSOLUTE (__Interrupt37):ABSOLUTE (__DefaultInterrupt)
                  0x000060          0x4 LONG 0x29a DEFINED (__Interrupt38)?ABSOLUTE (__Interrupt38):ABSOLUTE (__DefaultInterrupt)
                  0x000062          0x4 LONG 0x29a DEFINED (__Interrupt39)?ABSOLUTE (__Interrupt39):ABSOLUTE (__DefaultInterrupt)
                  0x000064          0x4 LONG 0x29a DEFINED (__Interrupt40)?ABSOLUTE (__Interrupt40):ABSOLUTE (__DefaultInterrupt)
                  0x000066          0x4 LONG 0x29a DEFINED (__Interrupt41)?ABSOLUTE (__Interrupt41):ABSOLUTE (__DefaultInterrupt)
                  0x000068          0x4 LONG 0x29a DEFINED (__Interrupt42)?ABSOLUTE (__Interrupt42):ABSOLUTE (__DefaultInterrupt)
                  0x00006a          0x4 LONG 0x29a DEFINED (__Interrupt43)?ABSOLUTE (__Interrupt43):ABSOLUTE (__DefaultInterrupt)
                  0x00006c          0x4 LONG 0x29a DEFINED (__Interrupt44)?ABSOLUTE (__Interrupt44):ABSOLUTE (__DefaultInterrupt)
                  0x00006e          0x4 LONG 0x29a DEFINED (__Interrupt45)?ABSOLUTE (__Interrupt45):ABSOLUTE (__DefaultInterrupt)
                  0x000070          0x4 LONG 0x29a DEFINED (__Interrupt46)?ABSOLUTE (__Interrupt46):ABSOLUTE (__DefaultInterrupt)
                  0x000072          0x4 LONG 0x29a DEFINED (__Interrupt47)?ABSOLUTE (__Interrupt47):ABSOLUTE (__DefaultInterrupt)
                  0x000074          0x4 LONG 0x29a DEFINED (__Interrupt48)?ABSOLUTE (__Interrupt48):ABSOLUTE (__DefaultInterrupt)
                  0x000076          0x4 LONG 0x29a DEFINED (__Interrupt49)?ABSOLUTE (__Interrupt49):ABSOLUTE (__DefaultInterrupt)
                  0x000078          0x4 LONG 0x29a DEFINED (__Interrupt50)?ABSOLUTE (__Interrupt50):ABSOLUTE (__DefaultInterrupt)
                  0x00007a          0x4 LONG 0x29a DEFINED (__Interrupt51)?ABSOLUTE (__Interrupt51):ABSOLUTE (__DefaultInterrupt)
                  0x00007c          0x4 LONG 0x29a DEFINED (__Interrupt52)?ABSOLUTE (__Interrupt52):ABSOLUTE (__DefaultInterrupt)
                  0x00007e          0x4 LONG 0x29a DEFINED (__Interrupt53)?ABSOLUTE (__Interrupt53):ABSOLUTE (__DefaultInterrupt)
                  0x000080          0x4 LONG 0x29a DEFINED (__Interrupt54)?ABSOLUTE (__Interrupt54):ABSOLUTE (__DefaultInterrupt)
                  0x000082          0x4 LONG 0x29a DEFINED (__Interrupt55)?ABSOLUTE (__Interrupt55):ABSOLUTE (__DefaultInterrupt)
                  0x000084          0x4 LONG 0x29a DEFINED (__Interrupt56)?ABSOLUTE (__Interrupt56):ABSOLUTE (__DefaultInterrupt)
                  0x000086          0x4 LONG 0x29a DEFINED (__Interrupt57)?ABSOLUTE (__Interrupt57):ABSOLUTE (__DefaultInterrupt)
                  0x000088          0x4 LONG 0x29a DEFINED (__Interrupt58)?ABSOLUTE (__Interrupt58):ABSOLUTE (__DefaultInterrupt)
                  0x00008a          0x4 LONG 0x29a DEFINED (__Interrupt59)?ABSOLUTE (__Interrupt59):ABSOLUTE (__DefaultInterrupt)
                  0x00008c          0x4 LONG 0x29a DEFINED (__Interrupt60)?ABSOLUTE (__Interrupt60):ABSOLUTE (__DefaultInterrupt)
                  0x00008e          0x4 LONG 0x29a DEFINED (__Interrupt61)?ABSOLUTE (__Interrupt61):ABSOLUTE (__DefaultInterrupt)
                  0x000090          0x4 LONG 0x29a DEFINED (__Interrupt62)?ABSOLUTE (__Interrupt62):ABSOLUTE (__DefaultInterrupt)
                  0x000092          0x4 LONG 0x29a DEFINED (__Interrupt63)?ABSOLUTE (__Interrupt63):ABSOLUTE (__DefaultInterrupt)
                  0x000094          0x4 LONG 0x29a DEFINED (__Interrupt64)?ABSOLUTE (__Interrupt64):ABSOLUTE (__DefaultInterrupt)
                  0x000096          0x4 LONG 0x29a DEFINED (__U1ErrInterrupt)?ABSOLUTE (__U1ErrInterrupt):ABSOLUTE (__DefaultInterrupt)
                  0x000098          0x4 LONG 0x29a DEFINED (__Interrupt66)?ABSOLUTE (__Interrupt66):ABSOLUTE (__DefaultInterrupt)
                  0x00009a          0x4 LONG 0x29a DEFINED (__Interrupt67)?ABSOLUTE (__Interrupt67):ABSOLUTE (__DefaultInterrupt)
                  0x00009c          0x4 LONG 0x29a DEFINED (__Interrupt68)?ABSOLUTE (__Interrupt68):ABSOLUTE (__DefaultInterrupt)
                  0x00009e          0x4 LONG 0x29a DEFINED (__Interrupt69)?ABSOLUTE (__Interrupt69):ABSOLUTE (__DefaultInterrupt)
                  0x0000a0          0x4 LONG 0x29a DEFINED (__Interrupt70)?ABSOLUTE (__Interrupt70):ABSOLUTE (__DefaultInterrupt)
                  0x0000a2          0x4 LONG 0x29a DEFINED (__Interrupt71)?ABSOLUTE (__Interrupt71):ABSOLUTE (__DefaultInterrupt)
                  0x0000a4          0x4 LONG 0x29a DEFINED (__Interrupt72)?ABSOLUTE (__Interrupt72):ABSOLUTE (__DefaultInterrupt)
                  0x0000a6          0x4 LONG 0x29a DEFINED (__Interrupt73)?ABSOLUTE (__Interrupt73):ABSOLUTE (__DefaultInterrupt)
                  0x0000a8          0x4 LONG 0x29a DEFINED (__Interrupt74)?ABSOLUTE (__Interrupt74):ABSOLUTE (__DefaultInterrupt)
                  0x0000aa          0x4 LONG 0x29a DEFINED (__Interrupt75)?ABSOLUTE (__Interrupt75):ABSOLUTE (__DefaultInterrupt)
                  0x0000ac          0x4 LONG 0x29a DEFINED (__Interrupt76)?ABSOLUTE (__Interrupt76):ABSOLUTE (__DefaultInterrupt)
                  0x0000ae          0x4 LONG 0x29a DEFINED (__Interrupt77)?ABSOLUTE (__Interrupt77):ABSOLUTE (__DefaultInterrupt)
                  0x0000b0          0x4 LONG 0x29a DEFINED (__Interrupt78)?ABSOLUTE (__Interrupt78):ABSOLUTE (__DefaultInterrupt)
                  0x0000b2          0x4 LONG 0x29a DEFINED (__Interrupt79)?ABSOLUTE (__Interrupt79):ABSOLUTE (__DefaultInterrupt)
                  0x0000b4          0x4 LONG 0x29a DEFINED (__Interrupt80)?ABSOLUTE (__Interrupt80):ABSOLUTE (__DefaultInterrupt)
                  0x0000b6          0x4 LONG 0x29a DEFINED (__Interrupt81)?ABSOLUTE (__Interrupt81):ABSOLUTE (__DefaultInterrupt)
                  0x0000b8          0x4 LONG 0x29a DEFINED (__Interrupt82)?ABSOLUTE (__Interrupt82):ABSOLUTE (__DefaultInterrupt)
                  0x0000ba          0x4 LONG 0x29a DEFINED (__Interrupt83)?ABSOLUTE (__Interrupt83):ABSOLUTE (__DefaultInterrupt)
                  0x0000bc          0x4 LONG 0x29a DEFINED (__Interrupt84)?ABSOLUTE (__Interrupt84):ABSOLUTE (__DefaultInterrupt)
                  0x0000be          0x4 LONG 0x29a DEFINED (__Interrupt85)?ABSOLUTE (__Interrupt85):ABSOLUTE (__DefaultInterrupt)
                  0x0000c0          0x4 LONG 0x29a DEFINED (__Interrupt86)?ABSOLUTE (__Interrupt86):ABSOLUTE (__DefaultInterrupt)
                  0x0000c2          0x4 LONG 0x29a DEFINED (__Interrupt87)?ABSOLUTE (__Interrupt87):ABSOLUTE (__DefaultInterrupt)
                  0x0000c4          0x4 LONG 0x29a DEFINED (__Interrupt88)?ABSOLUTE (__Interrupt88):ABSOLUTE (__DefaultInterrupt)
                  0x0000c6          0x4 LONG 0x29a DEFINED (__Interrupt89)?ABSOLUTE (__Interrupt89):ABSOLUTE (__DefaultInterrupt)
                  0x0000c8          0x4 LONG 0x29a DEFINED (__Interrupt90)?ABSOLUTE (__Interrupt90):ABSOLUTE (__DefaultInterrupt)
                  0x0000ca          0x4 LONG 0x29a DEFINED (__Interrupt91)?ABSOLUTE (__Interrupt91):ABSOLUTE (__DefaultInterrupt)
                  0x0000cc          0x4 LONG 0x29a DEFINED (__Interrupt92)?ABSOLUTE (__Interrupt92):ABSOLUTE (__DefaultInterrupt)
                  0x0000ce          0x4 LONG 0x29a DEFINED (__Interrupt93)?ABSOLUTE (__Interrupt93):ABSOLUTE (__DefaultInterrupt)
                  0x0000d0          0x4 LONG 0x29a DEFINED (__Interrupt94)?ABSOLUTE (__Interrupt94):ABSOLUTE (__DefaultInterrupt)
                  0x0000d2          0x4 LONG 0x29a DEFINED (__Interrupt95)?ABSOLUTE (__Interrupt95):ABSOLUTE (__DefaultInterrupt)
                  0x0000d4          0x4 LONG 0x29a DEFINED (__Interrupt96)?ABSOLUTE (__Interrupt96):ABSOLUTE (__DefaultInterrupt)
                  0x0000d6          0x4 LONG 0x29a DEFINED (__Interrupt97)?ABSOLUTE (__Interrupt97):ABSOLUTE (__DefaultInterrupt)
                  0x0000d8          0x4 LONG 0x29a DEFINED (__Interrupt98)?ABSOLUTE (__Interrupt98):ABSOLUTE (__DefaultInterrupt)
                  0x0000da          0x4 LONG 0x29a DEFINED (__Interrupt99)?ABSOLUTE (__Interrupt99):ABSOLUTE (__DefaultInterrupt)
                  0x0000dc          0x4 LONG 0x29a DEFINED (__Interrupt100)?ABSOLUTE (__Interrupt100):ABSOLUTE (__DefaultInterrupt)
                  0x0000de          0x4 LONG 0x29a DEFINED (__Interrupt101)?ABSOLUTE (__Interrupt101):ABSOLUTE (__DefaultInterrupt)
                  0x0000e0          0x4 LONG 0x29a DEFINED (__Interrupt102)?ABSOLUTE (__Interrupt102):ABSOLUTE (__DefaultInterrupt)
                  0x0000e2          0x4 LONG 0x29a DEFINED (__Interrupt103)?ABSOLUTE (__Interrupt103):ABSOLUTE (__DefaultInterrupt)
                  0x0000e4          0x4 LONG 0x29a DEFINED (__Interrupt104)?ABSOLUTE (__Interrupt104):ABSOLUTE (__DefaultInterrupt)
                  0x0000e6          0x4 LONG 0x29a DEFINED (__Interrupt105)?ABSOLUTE (__Interrupt105):ABSOLUTE (__DefaultInterrupt)
                  0x0000e8          0x4 LONG 0x29a DEFINED (__Interrupt106)?ABSOLUTE (__Interrupt106):ABSOLUTE (__DefaultInterrupt)
                  0x0000ea          0x4 LONG 0x29a DEFINED (__Interrupt107)?ABSOLUTE (__Interrupt107):ABSOLUTE (__DefaultInterrupt)
                  0x0000ec          0x4 LONG 0x29a DEFINED (__Interrupt108)?ABSOLUTE (__Interrupt108):ABSOLUTE (__DefaultInterrupt)
                  0x0000ee          0x4 LONG 0x29a DEFINED (__Interrupt109)?ABSOLUTE (__Interrupt109):ABSOLUTE (__DefaultInterrupt)
                  0x0000f0          0x4 LONG 0x29a DEFINED (__Interrupt110)?ABSOLUTE (__Interrupt110):ABSOLUTE (__DefaultInterrupt)
                  0x0000f2          0x4 LONG 0x29a DEFINED (__Interrupt111)?ABSOLUTE (__Interrupt111):ABSOLUTE (__DefaultInterrupt)
                  0x0000f4          0x4 LONG 0x29a DEFINED (__Interrupt112)?ABSOLUTE (__Interrupt112):ABSOLUTE (__DefaultInterrupt)
                  0x0000f6          0x4 LONG 0x29a DEFINED (__Interrupt113)?ABSOLUTE (__Interrupt113):ABSOLUTE (__DefaultInterrupt)
                  0x0000f8          0x4 LONG 0x29a DEFINED (__Interrupt114)?ABSOLUTE (__Interrupt114):ABSOLUTE (__DefaultInterrupt)
                  0x0000fa          0x4 LONG 0x29a DEFINED (__Interrupt115)?ABSOLUTE (__Interrupt115):ABSOLUTE (__DefaultInterrupt)
                  0x0000fc          0x4 LONG 0x29a DEFINED (__Interrupt116)?ABSOLUTE (__Interrupt116):ABSOLUTE (__DefaultInterrupt)
                  0x0000fe          0x4 LONG 0x29a DEFINED (__Interrupt117)?ABSOLUTE (__Interrupt117):ABSOLUTE (__DefaultInterrupt)

.aivt             0x000104         0xfc
                  0x000104          0x4 LONG 0x29a DEFINED (__AltReservedTrap0)?ABSOLUTE (__AltReservedTrap0):DEFINED (__ReservedTrap0)?ABSOLUTE (__ReservedTrap0):ABSOLUTE (__DefaultInterrupt)
                  0x000106          0x4 LONG 0x29a DEFINED (__AltOscillatorFail)?ABSOLUTE (__AltOscillatorFail):DEFINED (__OscillatorFail)?ABSOLUTE (__OscillatorFail):ABSOLUTE (__DefaultInterrupt)
                  0x000108          0x4 LONG 0x29a DEFINED (__AltAddressError)?ABSOLUTE (__AltAddressError):DEFINED (__AddressError)?ABSOLUTE (__AddressError):ABSOLUTE (__DefaultInterrupt)
                  0x00010a          0x4 LONG 0x29a DEFINED (__AltStackError)?ABSOLUTE (__AltStackError):DEFINED (__StackError)?ABSOLUTE (__StackError):ABSOLUTE (__DefaultInterrupt)
                  0x00010c          0x4 LONG 0x29a DEFINED (__AltMathError)?ABSOLUTE (__AltMathError):DEFINED (__MathError)?ABSOLUTE (__MathError):ABSOLUTE (__DefaultInterrupt)
                  0x00010e          0x4 LONG 0x29a DEFINED (__AltReservedTrap5)?ABSOLUTE (__AltReservedTrap5):DEFINED (__ReservedTrap5)?ABSOLUTE (__ReservedTrap5):ABSOLUTE (__DefaultInterrupt)
                  0x000110          0x4 LONG 0x29a DEFINED (__AltReservedTrap6)?ABSOLUTE (__AltReservedTrap6):DEFINED (__ReservedTrap6)?ABSOLUTE (__ReservedTrap6):ABSOLUTE (__DefaultInterrupt)
                  0x000112          0x4 LONG 0x29a DEFINED (__AltReservedTrap7)?ABSOLUTE (__AltReservedTrap7):DEFINED (__ReservedTrap7)?ABSOLUTE (__ReservedTrap7):ABSOLUTE (__DefaultInterrupt)
                  0x000114          0x4 LONG 0x29a DEFINED (__AltINT0Interrupt)?ABSOLUTE (__AltINT0Interrupt):DEFINED (__INT0Interrupt)?ABSOLUTE (__INT0Interrupt):ABSOLUTE (__DefaultInterrupt)
                  0x000116          0x4 LONG 0x29a DEFINED (__AltIC1Interrupt)?ABSOLUTE (__AltIC1Interrupt):DEFINED (__IC1Interrupt)?ABSOLUTE (__IC1Interrupt):ABSOLUTE (__DefaultInterrupt)
                  0x000118          0x4 LONG 0x29a DEFINED (__AltOC1Interrupt)?ABSOLUTE (__AltOC1Interrupt):DEFINED (__OC1Interrupt)?ABSOLUTE (__OC1Interrupt):ABSOLUTE (__DefaultInterrupt)
                  0x00011a          0x4 LONG 0x29a DEFINED (__AltT1Interrupt)?ABSOLUTE (__AltT1Interrupt):DEFINED (__T1Interrupt)?ABSOLUTE (__T1Interrupt):ABSOLUTE (__DefaultInterrupt)
                  0x00011c          0x4 LONG 0x29a DEFINED (__AltInterrupt4)?ABSOLUTE (__AltInterrupt4):DEFINED (__Interrupt4)?ABSOLUTE (__Interrupt4):ABSOLUTE (__DefaultInterrupt)
                  0x00011e          0x4 LONG 0x29a DEFINED (__AltIC2Interrupt)?ABSOLUTE (__AltIC2Interrupt):DEFINED (__IC2Interrupt)?ABSOLUTE (__IC2Interrupt):ABSOLUTE (__DefaultInterrupt)
                  0x000120          0x4 LONG 0x29a DEFINED (__AltOC2Interrupt)?ABSOLUTE (__AltOC2Interrupt):DEFINED (__OC2Interrupt)?ABSOLUTE (__OC2Interrupt):ABSOLUTE (__DefaultInterrupt)
                  0x000122          0x4 LONG 0x29a DEFINED (__AltT2Interrupt)?ABSOLUTE (__AltT2Interrupt):DEFINED (__T2Interrupt)?ABSOLUTE (__T2Interrupt):ABSOLUTE (__DefaultInterrupt)
                  0x000124          0x4 LONG 0x29a DEFINED (__AltT3Interrupt)?ABSOLUTE (__AltT3Interrupt):DEFINED (__T3Interrupt)?ABSOLUTE (__T3Interrupt):ABSOLUTE (__DefaultInterrupt)
                  0x000126          0x4 LONG 0x29a DEFINED (__AltSPI1ErrInterrupt)?ABSOLUTE (__AltSPI1ErrInterrupt):DEFINED (__SPI1ErrInterrupt)?ABSOLUTE (__SPI1ErrInterrupt):ABSOLUTE (__DefaultInterrupt)
                  0x000128          0x4 LONG 0x29a DEFINED (__AltSPI1Interrupt)?ABSOLUTE (__AltSPI1Interrupt):DEFINED (__SPI1Interrupt)?ABSOLUTE (__SPI1Interrupt):ABSOLUTE (__DefaultInterrupt)
                  0x00012a          0x4 LONG 0x29a DEFINED (__AltU1RXInterrupt)?ABSOLUTE (__AltU1RXInterrupt):DEFINED (__U1RXInterrupt)?ABSOLUTE (__U1RXInterrupt):ABSOLUTE (__DefaultInterrupt)
                  0x00012c          0x4 LONG 0x29a DEFINED (__AltU1TXInterrupt)?ABSOLUTE (__AltU1TXInterrupt):DEFINED (__U1TXInterrupt)?ABSOLUTE (__U1TXInterrupt):ABSOLUTE (__DefaultInterrupt)
                  0x00012e          0x4 LONG 0x29a DEFINED (__AltADC1Interrupt)?ABSOLUTE (__AltADC1Interrupt):DEFINED (__ADC1Interrupt)?ABSOLUTE (__ADC1Interrupt):ABSOLUTE (__DefaultInterrupt)
                  0x000130          0x4 LONG 0x29a DEFINED (__AltInterrupt14)?ABSOLUTE (__AltInterrupt14):DEFINED (__Interrupt14)?ABSOLUTE (__Interrupt14):ABSOLUTE (__DefaultInterrupt)
                  0x000132          0x4 LONG 0x29a DEFINED (__AltInterrupt15)?ABSOLUTE (__AltInterrupt15):DEFINED (__Interrupt15)?ABSOLUTE (__Interrupt15):ABSOLUTE (__DefaultInterrupt)
                  0x000134          0x4 LONG 0x29a DEFINED (__AltSI2C1Interrupt)?ABSOLUTE (__AltSI2C1Interrupt):DEFINED (__SI2C1Interrupt)?ABSOLUTE (__SI2C1Interrupt):ABSOLUTE (__DefaultInterrupt)
                  0x000136          0x4 LONG 0x29a DEFINED (__AltMI2C1Interrupt)?ABSOLUTE (__AltMI2C1Interrupt):DEFINED (__MI2C1Interrupt)?ABSOLUTE (__MI2C1Interrupt):ABSOLUTE (__DefaultInterrupt)
                  0x000138          0x4 LONG 0x29a DEFINED (__AltInterrupt18)?ABSOLUTE (__AltInterrupt18):DEFINED (__Interrupt18)?ABSOLUTE (__Interrupt18):ABSOLUTE (__DefaultInterrupt)
                  0x00013a          0x4 LONG 0x29a DEFINED (__AltCNInterrupt)?ABSOLUTE (__AltCNInterrupt):DEFINED (__CNInterrupt)?ABSOLUTE (__CNInterrupt):ABSOLUTE (__DefaultInterrupt)
                  0x00013c          0x4 LONG 0x29a DEFINED (__AltINT1Interrupt)?ABSOLUTE (__AltINT1Interrupt):DEFINED (__INT1Interrupt)?ABSOLUTE (__INT1Interrupt):ABSOLUTE (__DefaultInterrupt)
                  0x00013e          0x4 LONG 0x29a DEFINED (__AltInterrupt21)?ABSOLUTE (__AltInterrupt21):DEFINED (__Interrupt21)?ABSOLUTE (__Interrupt21):ABSOLUTE (__DefaultInterrupt)
                  0x000140          0x4 LONG 0x29a DEFINED (__AltIC7Interrupt)?ABSOLUTE (__AltIC7Interrupt):DEFINED (__IC7Interrupt)?ABSOLUTE (__IC7Interrupt):ABSOLUTE (__DefaultInterrupt)
                  0x000142          0x4 LONG 0x29a DEFINED (__AltIC8Interrupt)?ABSOLUTE (__AltIC8Interrupt):DEFINED (__IC8Interrupt)?ABSOLUTE (__IC8Interrupt):ABSOLUTE (__DefaultInterrupt)
                  0x000144          0x4 LONG 0x29a DEFINED (__AltInterrupt24)?ABSOLUTE (__AltInterrupt24):DEFINED (__Interrupt24)?ABSOLUTE (__Interrupt24):ABSOLUTE (__DefaultInterrupt)
                  0x000146          0x4 LONG 0x29a DEFINED (__AltInterrupt25)?ABSOLUTE (__AltInterrupt25):DEFINED (__Interrupt25)?ABSOLUTE (__Interrupt25):ABSOLUTE (__DefaultInterrupt)
                  0x000148          0x4 LONG 0x29a DEFINED (__AltInterrupt26)?ABSOLUTE (__AltInterrupt26):DEFINED (__Interrupt26)?ABSOLUTE (__Interrupt26):ABSOLUTE (__DefaultInterrupt)
                  0x00014a          0x4 LONG 0x29a DEFINED (__AltInterrupt27)?ABSOLUTE (__AltInterrupt27):DEFINED (__Interrupt27)?ABSOLUTE (__Interrupt27):ABSOLUTE (__DefaultInterrupt)
                  0x00014c          0x4 LONG 0x29a DEFINED (__AltInterrupt28)?ABSOLUTE (__AltInterrupt28):DEFINED (__Interrupt28)?ABSOLUTE (__Interrupt28):ABSOLUTE (__DefaultInterrupt)
                  0x00014e          0x4 LONG 0x29a DEFINED (__AltINT2Interrupt)?ABSOLUTE (__AltINT2Interrupt):DEFINED (__INT2Interrupt)?ABSOLUTE (__INT2Interrupt):ABSOLUTE (__DefaultInterrupt)
                  0x000150          0x4 LONG 0x29a DEFINED (__AltInterrupt30)?ABSOLUTE (__AltInterrupt30):DEFINED (__Interrupt30)?ABSOLUTE (__Interrupt30):ABSOLUTE (__DefaultInterrupt)
                  0x000152          0x4 LONG 0x29a DEFINED (__AltInterrupt31)?ABSOLUTE (__AltInterrupt31):DEFINED (__Interrupt31)?ABSOLUTE (__Interrupt31):ABSOLUTE (__DefaultInterrupt)
                  0x000154          0x4 LONG 0x29a DEFINED (__AltInterrupt32)?ABSOLUTE (__AltInterrupt32):DEFINED (__Interrupt32)?ABSOLUTE (__Interrupt32):ABSOLUTE (__DefaultInterrupt)
                  0x000156          0x4 LONG 0x29a DEFINED (__AltInterrupt33)?ABSOLUTE (__AltInterrupt33):DEFINED (__Interrupt33)?ABSOLUTE (__Interrupt33):ABSOLUTE (__DefaultInterrupt)
                  0x000158          0x4 LONG 0x29a DEFINED (__AltInterrupt34)?ABSOLUTE (__AltInterrupt34):DEFINED (__Interrupt34)?ABSOLUTE (__Interrupt34):ABSOLUTE (__DefaultInterrupt)
                  0x00015a          0x4 LONG 0x29a DEFINED (__AltInterrupt35)?ABSOLUTE (__AltInterrupt35):DEFINED (__Interrupt35)?ABSOLUTE (__Interrupt35):ABSOLUTE (__DefaultInterrupt)
                  0x00015c          0x4 LONG 0x29a DEFINED (__AltInterrupt36)?ABSOLUTE (__AltInterrupt36):DEFINED (__Interrupt36)?ABSOLUTE (__Interrupt36):ABSOLUTE (__DefaultInterrupt)
                  0x00015e          0x4 LONG 0x29a DEFINED (__AltInterrupt37)?ABSOLUTE (__AltInterrupt37):DEFINED (__Interrupt37)?ABSOLUTE (__Interrupt37):ABSOLUTE (__DefaultInterrupt)
                  0x000160          0x4 LONG 0x29a DEFINED (__AltInterrupt38)?ABSOLUTE (__AltInterrupt38):DEFINED (__Interrupt38)?ABSOLUTE (__Interrupt38):ABSOLUTE (__DefaultInterrupt)
                  0x000162          0x4 LONG 0x29a DEFINED (__AltInterrupt39)?ABSOLUTE (__AltInterrupt39):DEFINED (__Interrupt39)?ABSOLUTE (__Interrupt39):ABSOLUTE (__DefaultInterrupt)
                  0x000164          0x4 LONG 0x29a DEFINED (__AltInterrupt40)?ABSOLUTE (__AltInterrupt40):DEFINED (__Interrupt40)?ABSOLUTE (__Interrupt40):ABSOLUTE (__DefaultInterrupt)
                  0x000166          0x4 LONG 0x29a DEFINED (__AltInterrupt41)?ABSOLUTE (__AltInterrupt41):DEFINED (__Interrupt41)?ABSOLUTE (__Interrupt41):ABSOLUTE (__DefaultInterrupt)
                  0x000168          0x4 LONG 0x29a DEFINED (__AltInterrupt42)?ABSOLUTE (__AltInterrupt42):DEFINED (__Interrupt42)?ABSOLUTE (__Interrupt42):ABSOLUTE (__DefaultInterrupt)
                  0x00016a          0x4 LONG 0x29a DEFINED (__AltInterrupt43)?ABSOLUTE (__AltInterrupt43):DEFINED (__Interrupt43)?ABSOLUTE (__Interrupt43):ABSOLUTE (__DefaultInterrupt)
                  0x00016c          0x4 LONG 0x29a DEFINED (__AltInterrupt44)?ABSOLUTE (__AltInterrupt44):DEFINED (__Interrupt44)?ABSOLUTE (__Interrupt44):ABSOLUTE (__DefaultInterrupt)
                  0x00016e          0x4 LONG 0x29a DEFINED (__AltInterrupt45)?ABSOLUTE (__AltInterrupt45):DEFINED (__Interrupt45)?ABSOLUTE (__Interrupt45):ABSOLUTE (__DefaultInterrupt)
                  0x000170          0x4 LONG 0x29a DEFINED (__AltInterrupt46)?ABSOLUTE (__AltInterrupt46):DEFINED (__Interrupt46)?ABSOLUTE (__Interrupt46):ABSOLUTE (__DefaultInterrupt)
                  0x000172          0x4 LONG 0x29a DEFINED (__AltInterrupt47)?ABSOLUTE (__AltInterrupt47):DEFINED (__Interrupt47)?ABSOLUTE (__Interrupt47):ABSOLUTE (__DefaultInterrupt)
                  0x000174          0x4 LONG 0x29a DEFINED (__AltInterrupt48)?ABSOLUTE (__AltInterrupt48):DEFINED (__Interrupt48)?ABSOLUTE (__Interrupt48):ABSOLUTE (__DefaultInterrupt)
                  0x000176          0x4 LONG 0x29a DEFINED (__AltInterrupt49)?ABSOLUTE (__AltInterrupt49):DEFINED (__Interrupt49)?ABSOLUTE (__Interrupt49):ABSOLUTE (__DefaultInterrupt)
                  0x000178          0x4 LONG 0x29a DEFINED (__AltInterrupt50)?ABSOLUTE (__AltInterrupt50):DEFINED (__Interrupt50)?ABSOLUTE (__Interrupt50):ABSOLUTE (__DefaultInterrupt)
                  0x00017a          0x4 LONG 0x29a DEFINED (__AltInterrupt51)?ABSOLUTE (__AltInterrupt51):DEFINED (__Interrupt51)?ABSOLUTE (__Interrupt51):ABSOLUTE (__DefaultInterrupt)
                  0x00017c          0x4 LONG 0x29a DEFINED (__AltInterrupt52)?ABSOLUTE (__AltInterrupt52):DEFINED (__Interrupt52)?ABSOLUTE (__Interrupt52):ABSOLUTE (__DefaultInterrupt)
                  0x00017e          0x4 LONG 0x29a DEFINED (__AltInterrupt53)?ABSOLUTE (__AltInterrupt53):DEFINED (__Interrupt53)?ABSOLUTE (__Interrupt53):ABSOLUTE (__DefaultInterrupt)
                  0x000180          0x4 LONG 0x29a DEFINED (__AltInterrupt54)?ABSOLUTE (__AltInterrupt54):DEFINED (__Interrupt54)?ABSOLUTE (__Interrupt54):ABSOLUTE (__DefaultInterrupt)
                  0x000182          0x4 LONG 0x29a DEFINED (__AltInterrupt55)?ABSOLUTE (__AltInterrupt55):DEFINED (__Interrupt55)?ABSOLUTE (__Interrupt55):ABSOLUTE (__DefaultInterrupt)
                  0x000184          0x4 LONG 0x29a DEFINED (__AltInterrupt56)?ABSOLUTE (__AltInterrupt56):DEFINED (__Interrupt56)?ABSOLUTE (__Interrupt56):ABSOLUTE (__DefaultInterrupt)
                  0x000186          0x4 LONG 0x29a DEFINED (__AltInterrupt57)?ABSOLUTE (__AltInterrupt57):DEFINED (__Interrupt57)?ABSOLUTE (__Interrupt57):ABSOLUTE (__DefaultInterrupt)
                  0x000188          0x4 LONG 0x29a DEFINED (__AltInterrupt58)?ABSOLUTE (__AltInterrupt58):DEFINED (__Interrupt58)?ABSOLUTE (__Interrupt58):ABSOLUTE (__DefaultInterrupt)
                  0x00018a          0x4 LONG 0x29a DEFINED (__AltInterrupt59)?ABSOLUTE (__AltInterrupt59):DEFINED (__Interrupt59)?ABSOLUTE (__Interrupt59):ABSOLUTE (__DefaultInterrupt)
                  0x00018c          0x4 LONG 0x29a DEFINED (__AltInterrupt60)?ABSOLUTE (__AltInterrupt60):DEFINED (__Interrupt60)?ABSOLUTE (__Interrupt60):ABSOLUTE (__DefaultInterrupt)
                  0x00018e          0x4 LONG 0x29a DEFINED (__AltInterrupt61)?ABSOLUTE (__AltInterrupt61):DEFINED (__Interrupt61)?ABSOLUTE (__Interrupt61):ABSOLUTE (__DefaultInterrupt)
                  0x000190          0x4 LONG 0x29a DEFINED (__AltInterrupt62)?ABSOLUTE (__AltInterrupt62):DEFINED (__Interrupt62)?ABSOLUTE (__Interrupt62):ABSOLUTE (__DefaultInterrupt)
                  0x000192          0x4 LONG 0x29a DEFINED (__AltInterrupt63)?ABSOLUTE (__AltInterrupt63):DEFINED (__Interrupt63)?ABSOLUTE (__Interrupt63):ABSOLUTE (__DefaultInterrupt)
                  0x000194          0x4 LONG 0x29a DEFINED (__AltInterrupt64)?ABSOLUTE (__AltInterrupt64):DEFINED (__Interrupt64)?ABSOLUTE (__Interrupt64):ABSOLUTE (__DefaultInterrupt)
                  0x000196          0x4 LONG 0x29a DEFINED (__AltU1ErrInterrupt)?ABSOLUTE (__AltU1ErrInterrupt):DEFINED (__U1ErrInterrupt)?ABSOLUTE (__U1ErrInterrupt):ABSOLUTE (__DefaultInterrupt)
                  0x000198          0x4 LONG 0x29a DEFINED (__AltInterrupt66)?ABSOLUTE (__AltInterrupt66):DEFINED (__Interrupt66)?ABSOLUTE (__Interrupt66):ABSOLUTE (__DefaultInterrupt)
                  0x00019a          0x4 LONG 0x29a DEFINED (__AltInterrupt67)?ABSOLUTE (__AltInterrupt67):DEFINED (__Interrupt67)?ABSOLUTE (__Interrupt67):ABSOLUTE (__DefaultInterrupt)
                  0x00019c          0x4 LONG 0x29a DEFINED (__AltInterrupt68)?ABSOLUTE (__AltInterrupt68):DEFINED (__Interrupt68)?ABSOLUTE (__Interrupt68):ABSOLUTE (__DefaultInterrupt)
                  0x00019e          0x4 LONG 0x29a DEFINED (__AltInterrupt69)?ABSOLUTE (__AltInterrupt69):DEFINED (__Interrupt69)?ABSOLUTE (__Interrupt69):ABSOLUTE (__DefaultInterrupt)
                  0x0001a0          0x4 LONG 0x29a DEFINED (__AltInterrupt70)?ABSOLUTE (__AltInterrupt70):DEFINED (__Interrupt70)?ABSOLUTE (__Interrupt70):ABSOLUTE (__DefaultInterrupt)
                  0x0001a2          0x4 LONG 0x29a DEFINED (__AltInterrupt71)?ABSOLUTE (__AltInterrupt71):DEFINED (__Interrupt71)?ABSOLUTE (__Interrupt71):ABSOLUTE (__DefaultInterrupt)
                  0x0001a4          0x4 LONG 0x29a DEFINED (__AltInterrupt72)?ABSOLUTE (__AltInterrupt72):DEFINED (__Interrupt72)?ABSOLUTE (__Interrupt72):ABSOLUTE (__DefaultInterrupt)
                  0x0001a6          0x4 LONG 0x29a DEFINED (__AltInterrupt73)?ABSOLUTE (__AltInterrupt73):DEFINED (__Interrupt73)?ABSOLUTE (__Interrupt73):ABSOLUTE (__DefaultInterrupt)
                  0x0001a8          0x4 LONG 0x29a DEFINED (__AltInterrupt74)?ABSOLUTE (__AltInterrupt74):DEFINED (__Interrupt74)?ABSOLUTE (__Interrupt74):ABSOLUTE (__DefaultInterrupt)
                  0x0001aa          0x4 LONG 0x29a DEFINED (__AltInterrupt75)?ABSOLUTE (__AltInterrupt75):DEFINED (__Interrupt75)?ABSOLUTE (__Interrupt75):ABSOLUTE (__DefaultInterrupt)
                  0x0001ac          0x4 LONG 0x29a DEFINED (__AltInterrupt76)?ABSOLUTE (__AltInterrupt76):DEFINED (__Interrupt76)?ABSOLUTE (__Interrupt76):ABSOLUTE (__DefaultInterrupt)
                  0x0001ae          0x4 LONG 0x29a DEFINED (__AltInterrupt77)?ABSOLUTE (__AltInterrupt77):DEFINED (__Interrupt77)?ABSOLUTE (__Interrupt77):ABSOLUTE (__DefaultInterrupt)
                  0x0001b0          0x4 LONG 0x29a DEFINED (__AltInterrupt78)?ABSOLUTE (__AltInterrupt78):DEFINED (__Interrupt78)?ABSOLUTE (__Interrupt78):ABSOLUTE (__DefaultInterrupt)
                  0x0001b2          0x4 LONG 0x29a DEFINED (__AltInterrupt79)?ABSOLUTE (__AltInterrupt79):DEFINED (__Interrupt79)?ABSOLUTE (__Interrupt79):ABSOLUTE (__DefaultInterrupt)
                  0x0001b4          0x4 LONG 0x29a DEFINED (__AltInterrupt80)?ABSOLUTE (__AltInterrupt80):DEFINED (__Interrupt80)?ABSOLUTE (__Interrupt80):ABSOLUTE (__DefaultInterrupt)
                  0x0001b6          0x4 LONG 0x29a DEFINED (__AltInterrupt81)?ABSOLUTE (__AltInterrupt81):DEFINED (__Interrupt81)?ABSOLUTE (__Interrupt81):ABSOLUTE (__DefaultInterrupt)
                  0x0001b8          0x4 LONG 0x29a DEFINED (__AltInterrupt82)?ABSOLUTE (__AltInterrupt82):DEFINED (__Interrupt82)?ABSOLUTE (__Interrupt82):ABSOLUTE (__DefaultInterrupt)
                  0x0001ba          0x4 LONG 0x29a DEFINED (__AltInterrupt83)?ABSOLUTE (__AltInterrupt83):DEFINED (__Interrupt83)?ABSOLUTE (__Interrupt83):ABSOLUTE (__DefaultInterrupt)
                  0x0001bc          0x4 LONG 0x29a DEFINED (__AltInterrupt84)?ABSOLUTE (__AltInterrupt84):DEFINED (__Interrupt84)?ABSOLUTE (__Interrupt84):ABSOLUTE (__DefaultInterrupt)
                  0x0001be          0x4 LONG 0x29a DEFINED (__AltInterrupt85)?ABSOLUTE (__AltInterrupt85):DEFINED (__Interrupt85)?ABSOLUTE (__Interrupt85):ABSOLUTE (__DefaultInterrupt)
                  0x0001c0          0x4 LONG 0x29a DEFINED (__AltInterrupt86)?ABSOLUTE (__AltInterrupt86):DEFINED (__Interrupt86)?ABSOLUTE (__Interrupt86):ABSOLUTE (__DefaultInterrupt)
                  0x0001c2          0x4 LONG 0x29a DEFINED (__AltInterrupt87)?ABSOLUTE (__AltInterrupt87):DEFINED (__Interrupt87)?ABSOLUTE (__Interrupt87):ABSOLUTE (__DefaultInterrupt)
                  0x0001c4          0x4 LONG 0x29a DEFINED (__AltInterrupt88)?ABSOLUTE (__AltInterrupt88):DEFINED (__Interrupt88)?ABSOLUTE (__Interrupt88):ABSOLUTE (__DefaultInterrupt)
                  0x0001c6          0x4 LONG 0x29a DEFINED (__AltInterrupt89)?ABSOLUTE (__AltInterrupt89):DEFINED (__Interrupt89)?ABSOLUTE (__Interrupt89):ABSOLUTE (__DefaultInterrupt)
                  0x0001c8          0x4 LONG 0x29a DEFINED (__AltInterrupt90)?ABSOLUTE (__AltInterrupt90):DEFINED (__Interrupt90)?ABSOLUTE (__Interrupt90):ABSOLUTE (__DefaultInterrupt)
                  0x0001ca          0x4 LONG 0x29a DEFINED (__AltInterrupt91)?ABSOLUTE (__AltInterrupt91):DEFINED (__Interrupt91)?ABSOLUTE (__Interrupt91):ABSOLUTE (__DefaultInterrupt)
                  0x0001cc          0x4 LONG 0x29a DEFINED (__AltInterrupt92)?ABSOLUTE (__AltInterrupt92):DEFINED (__Interrupt92)?ABSOLUTE (__Interrupt92):ABSOLUTE (__DefaultInterrupt)
                  0x0001ce          0x4 LONG 0x29a DEFINED (__AltInterrupt93)?ABSOLUTE (__AltInterrupt93):DEFINED (__Interrupt93)?ABSOLUTE (__Interrupt93):ABSOLUTE (__DefaultInterrupt)
                  0x0001d0          0x4 LONG 0x29a DEFINED (__AltInterrupt94)?ABSOLUTE (__AltInterrupt94):DEFINED (__Interrupt94)?ABSOLUTE (__Interrupt94):ABSOLUTE (__DefaultInterrupt)
                  0x0001d2          0x4 LONG 0x29a DEFINED (__AltInterrupt95)?ABSOLUTE (__AltInterrupt95):DEFINED (__Interrupt95)?ABSOLUTE (__Interrupt95):ABSOLUTE (__DefaultInterrupt)
                  0x0001d4          0x4 LONG 0x29a DEFINED (__AltInterrupt96)?ABSOLUTE (__AltInterrupt96):DEFINED (__Interrupt96)?ABSOLUTE (__Interrupt96):ABSOLUTE (__DefaultInterrupt)
                  0x0001d6          0x4 LONG 0x29a DEFINED (__AltInterrupt97)?ABSOLUTE (__AltInterrupt97):DEFINED (__Interrupt97)?ABSOLUTE (__Interrupt97):ABSOLUTE (__DefaultInterrupt)
                  0x0001d8          0x4 LONG 0x29a DEFINED (__AltInterrupt98)?ABSOLUTE (__AltInterrupt98):DEFINED (__Interrupt98)?ABSOLUTE (__Interrupt98):ABSOLUTE (__DefaultInterrupt)
                  0x0001da          0x4 LONG 0x29a DEFINED (__AltInterrupt99)?ABSOLUTE (__AltInterrupt99):DEFINED (__Interrupt99)?ABSOLUTE (__Interrupt99):ABSOLUTE (__DefaultInterrupt)
                  0x0001dc          0x4 LONG 0x29a DEFINED (__AltInterrupt100)?ABSOLUTE (__AltInterrupt100):DEFINED (__Interrupt100)?ABSOLUTE (__Interrupt100):ABSOLUTE (__DefaultInterrupt)
                  0x0001de          0x4 LONG 0x29a DEFINED (__AltInterrupt101)?ABSOLUTE (__AltInterrupt101):DEFINED (__Interrupt101)?ABSOLUTE (__Interrupt101):ABSOLUTE (__DefaultInterrupt)
                  0x0001e0          0x4 LONG 0x29a DEFINED (__AltInterrupt102)?ABSOLUTE (__AltInterrupt102):DEFINED (__Interrupt102)?ABSOLUTE (__Interrupt102):ABSOLUTE (__DefaultInterrupt)
                  0x0001e2          0x4 LONG 0x29a DEFINED (__AltInterrupt103)?ABSOLUTE (__AltInterrupt103):DEFINED (__Interrupt103)?ABSOLUTE (__Interrupt103):ABSOLUTE (__DefaultInterrupt)
                  0x0001e4          0x4 LONG 0x29a DEFINED (__AltInterrupt104)?ABSOLUTE (__AltInterrupt104):DEFINED (__Interrupt104)?ABSOLUTE (__Interrupt104):ABSOLUTE (__DefaultInterrupt)
                  0x0001e6          0x4 LONG 0x29a DEFINED (__AltInterrupt105)?ABSOLUTE (__AltInterrupt105):DEFINED (__Interrupt105)?ABSOLUTE (__Interrupt105):ABSOLUTE (__DefaultInterrupt)
                  0x0001e8          0x4 LONG 0x29a DEFINED (__AltInterrupt106)?ABSOLUTE (__AltInterrupt106):DEFINED (__Interrupt106)?ABSOLUTE (__Interrupt106):ABSOLUTE (__DefaultInterrupt)
                  0x0001ea          0x4 LONG 0x29a DEFINED (__AltInterrupt107)?ABSOLUTE (__AltInterrupt107):DEFINED (__Interrupt107)?ABSOLUTE (__Interrupt107):ABSOLUTE (__DefaultInterrupt)
                  0x0001ec          0x4 LONG 0x29a DEFINED (__AltInterrupt108)?ABSOLUTE (__AltInterrupt108):DEFINED (__Interrupt108)?ABSOLUTE (__Interrupt108):ABSOLUTE (__DefaultInterrupt)
                  0x0001ee          0x4 LONG 0x29a DEFINED (__AltInterrupt109)?ABSOLUTE (__AltInterrupt109):DEFINED (__Interrupt109)?ABSOLUTE (__Interrupt109):ABSOLUTE (__DefaultInterrupt)
                  0x0001f0          0x4 LONG 0x29a DEFINED (__AltInterrupt110)?ABSOLUTE (__AltInterrupt110):DEFINED (__Interrupt110)?ABSOLUTE (__Interrupt110):ABSOLUTE (__DefaultInterrupt)
                  0x0001f2          0x4 LONG 0x29a DEFINED (__AltInterrupt111)?ABSOLUTE (__AltInterrupt111):DEFINED (__Interrupt111)?ABSOLUTE (__Interrupt111):ABSOLUTE (__DefaultInterrupt)
                  0x0001f4          0x4 LONG 0x29a DEFINED (__AltInterrupt112)?ABSOLUTE (__AltInterrupt112):DEFINED (__Interrupt112)?ABSOLUTE (__Interrupt112):ABSOLUTE (__DefaultInterrupt)
                  0x0001f6          0x4 LONG 0x29a DEFINED (__AltInterrupt113)?ABSOLUTE (__AltInterrupt113):DEFINED (__Interrupt113)?ABSOLUTE (__Interrupt113):ABSOLUTE (__DefaultInterrupt)
                  0x0001f8          0x4 LONG 0x29a DEFINED (__AltInterrupt114)?ABSOLUTE (__AltInterrupt114):DEFINED (__Interrupt114)?ABSOLUTE (__Interrupt114):ABSOLUTE (__DefaultInterrupt)
                  0x0001fa          0x4 LONG 0x29a DEFINED (__AltInterrupt115)?ABSOLUTE (__AltInterrupt115):DEFINED (__Interrupt115)?ABSOLUTE (__Interrupt115):ABSOLUTE (__DefaultInterrupt)
                  0x0001fc          0x4 LONG 0x29a DEFINED (__AltInterrupt116)?ABSOLUTE (__AltInterrupt116):DEFINED (__Interrupt116)?ABSOLUTE (__Interrupt116):ABSOLUTE (__DefaultInterrupt)
                  0x0001fe          0x4 LONG 0x29a DEFINED (__AltInterrupt117)?ABSOLUTE (__AltInterrupt117):DEFINED (__Interrupt117)?ABSOLUTE (__Interrupt117):ABSOLUTE (__DefaultInterrupt)
                    0x0000                  WREG0 = 0x0
                    0x0000                  _WREG0 = 0x0
                    0x0002                  WREG1 = 0x2
                    0x0002                  _WREG1 = 0x2
                    0x0004                  WREG2 = 0x4
                    0x0004                  _WREG2 = 0x4
                    0x0006                  WREG3 = 0x6
                    0x0006                  _WREG3 = 0x6
                    0x0008                  WREG4 = 0x8
                    0x0008                  _WREG4 = 0x8
                    0x000a                  WREG5 = 0xa
                    0x000a                  _WREG5 = 0xa
                    0x000c                  WREG6 = 0xc
                    0x000c                  _WREG6 = 0xc
                    0x000e                  WREG7 = 0xe
                    0x000e                  _WREG7 = 0xe
                    0x0010                  WREG8 = 0x10
                    0x0010                  _WREG8 = 0x10
                    0x0012                  WREG9 = 0x12
                    0x0012                  _WREG9 = 0x12
                    0x0014                  WREG10 = 0x14
                    0x0014                  _WREG10 = 0x14
                    0x0016                  WREG11 = 0x16
                    0x0016                  _WREG11 = 0x16
                    0x0018                  WREG12 = 0x18
                    0x0018                  _WREG12 = 0x18
                    0x001a                  WREG13 = 0x1a
                    0x001a                  _WREG13 = 0x1a
                    0x001c                  WREG14 = 0x1c
                    0x001c                  _WREG14 = 0x1c
                    0x001e                  WREG15 = 0x1e
                    0x001e                  _WREG15 = 0x1e
                    0x0020                  SPLIM = 0x20
                    0x0020                  _SPLIM = 0x20
                    0x0022                  ACCAL = 0x22
                    0x0022                  _ACCAL = 0x22
                    0x0024                  ACCAH = 0x24
                    0x0024                  _ACCAH = 0x24
                    0x0026                  ACCAU = 0x26
                    0x0026                  _ACCAU = 0x26
                    0x0028                  ACCBL = 0x28
                    0x0028                  _ACCBL = 0x28
                    0x002a                  ACCBH = 0x2a
                    0x002a                  _ACCBH = 0x2a
                    0x002c                  ACCBU = 0x2c
                    0x002c                  _ACCBU = 0x2c
                    0x002e                  PCL = 0x2e
                    0x002e                  _PCL = 0x2e
                    0x0030                  PCH = 0x30
                    0x0030                  _PCH = 0x30
                    0x0032                  TBLPAG = 0x32
                    0x0032                  _TBLPAG = 0x32
                    0x0034                  PSVPAG = 0x34
                    0x0034                  _PSVPAG = 0x34
                    0x0036                  RCOUNT = 0x36
                    0x0036                  _RCOUNT = 0x36
                    0x0038                  DCOUNT = 0x38
                    0x0038                  _DCOUNT = 0x38
                    0x003a                  DOSTARTL = 0x3a
                    0x003a                  _DOSTARTL = 0x3a
                    0x003c                  DOSTARTH = 0x3c
                    0x003c                  _DOSTARTH = 0x3c
                    0x003e                  DOENDL = 0x3e
                    0x003e                  _DOENDL = 0x3e
                    0x0040                  DOENDH = 0x40
                    0x0040                  _DOENDH = 0x40
                    0x0042                  SR = 0x42
                    0x0042                  _SR = 0x42
                    0x0042                  _SRbits = 0x42
                    0x0044                  CORCON = 0x44
                    0x0044                  _CORCON = 0x44
                    0x0044                  _CORCONbits = 0x44
                    0x0046                  MODCON = 0x46
                    0x0046                  _MODCON = 0x46
                    0x0046                  _MODCONbits = 0x46
                    0x0048                  XMODSRT = 0x48
                    0x0048                  _XMODSRT = 0x48
                    0x004a                  XMODEND = 0x4a
                    0x004a                  _XMODEND = 0x4a
                    0x004c                  YMODSRT = 0x4c
                    0x004c                  _YMODSRT = 0x4c
                    0x004e                  YMODEND = 0x4e
                    0x004e                  _YMODEND = 0x4e
                    0x0050                  XBREV = 0x50
                    0x0050                  _XBREV = 0x50
                    0x0050                  _XBREVbits = 0x50
                    0x0052                  DISICNT = 0x52
                    0x0052                  _DISICNT = 0x52
                    0x0060                  CNEN1 = 0x60
                    0x0060                  _CNEN1 = 0x60
                    0x0060                  _CNEN1bits = 0x60
                    0x0062                  CNEN2 = 0x62
                    0x0062                  _CNEN2 = 0x62
                    0x0062                  _CNEN2bits = 0x62
                    0x0068                  CNPU1 = 0x68
                    0x0068                  _CNPU1 = 0x68
                    0x0068                  _CNPU1bits = 0x68
                    0x006a                  CNPU2 = 0x6a
                    0x006a                  _CNPU2 = 0x6a
                    0x006a                  _CNPU2bits = 0x6a
                    0x0080                  INTCON1 = 0x80
                    0x0080                  _INTCON1 = 0x80
                    0x0080                  _INTCON1bits = 0x80
                    0x0082                  INTCON2 = 0x82
                    0x0082                  _INTCON2 = 0x82
                    0x0082                  _INTCON2bits = 0x82
                    0x0084                  IFS0 = 0x84
                    0x0084                  _IFS0 = 0x84
                    0x0084                  _IFS0bits = 0x84
                    0x0086                  IFS1 = 0x86
                    0x0086                  _IFS1 = 0x86
                    0x0086                  _IFS1bits = 0x86
                    0x008c                  IFS4 = 0x8c
                    0x008c                  _IFS4 = 0x8c
                    0x008c                  _IFS4bits = 0x8c
                    0x0094                  IEC0 = 0x94
                    0x0094                  _IEC0 = 0x94
                    0x0094                  _IEC0bits = 0x94
                    0x0096                  IEC1 = 0x96
                    0x0096                  _IEC1 = 0x96
                    0x0096                  _IEC1bits = 0x96
                    0x009c                  IEC4 = 0x9c
                    0x009c                  _IEC4 = 0x9c
                    0x009c                  _IEC4bits = 0x9c
                    0x00a4                  IPC0 = 0xa4
                    0x00a4                  _IPC0 = 0xa4
                    0x00a4                  _IPC0bits = 0xa4
                    0x00a6                  IPC1 = 0xa6
                    0x00a6                  _IPC1 = 0xa6
                    0x00a6                  _IPC1bits = 0xa6
                    0x00a8                  IPC2 = 0xa8
                    0x00a8                  _IPC2 = 0xa8
                    0x00a8                  _IPC2bits = 0xa8
                    0x00aa                  IPC3 = 0xaa
                    0x00aa                  _IPC3 = 0xaa
                    0x00aa                  _IPC3bits = 0xaa
                    0x00ac                  IPC4 = 0xac
                    0x00ac                  _IPC4 = 0xac
                    0x00ac                  _IPC4bits = 0xac
                    0x00ae                  IPC5 = 0xae
                    0x00ae                  _IPC5 = 0xae
                    0x00ae                  _IPC5bits = 0xae
                    0x00b2                  IPC7 = 0xb2
                    0x00b2                  _IPC7 = 0xb2
                    0x00b2                  _IPC7bits = 0xb2
                    0x00c4                  IPC16 = 0xc4
                    0x00c4                  _IPC16 = 0xc4
                    0x00c4                  _IPC16bits = 0xc4
                    0x00e0                  INTTREG = 0xe0
                    0x00e0                  _INTTREG = 0xe0
                    0x00e0                  _INTTREGbits = 0xe0
                    0x0100                  TMR1 = 0x100
                    0x0100                  _TMR1 = 0x100
                    0x0102                  PR1 = 0x102
                    0x0102                  _PR1 = 0x102
                    0x0104                  T1CON = 0x104
                    0x0104                  _T1CON = 0x104
                    0x0104                  _T1CONbits = 0x104
                    0x0106                  TMR2 = 0x106
                    0x0106                  _TMR2 = 0x106
                    0x0108                  TMR3HLD = 0x108
                    0x0108                  _TMR3HLD = 0x108
                    0x010a                  TMR3 = 0x10a
                    0x010a                  _TMR3 = 0x10a
                    0x010c                  PR2 = 0x10c
                    0x010c                  _PR2 = 0x10c
                    0x010e                  PR3 = 0x10e
                    0x010e                  _PR3 = 0x10e
                    0x0110                  T2CON = 0x110
                    0x0110                  _T2CON = 0x110
                    0x0110                  _T2CONbits = 0x110
                    0x0112                  T3CON = 0x112
                    0x0112                  _T3CON = 0x112
                    0x0112                  _T3CONbits = 0x112
                    0x0140                  IC1BUF = 0x140
                    0x0140                  _IC1BUF = 0x140
                    0x0142                  IC1CON = 0x142
                    0x0142                  _IC1CON = 0x142
                    0x0142                  _IC1CONbits = 0x142
                    0x0144                  IC2BUF = 0x144
                    0x0144                  _IC2BUF = 0x144
                    0x0146                  IC2CON = 0x146
                    0x0146                  _IC2CON = 0x146
                    0x0146                  _IC2CONbits = 0x146
                    0x0158                  IC7BUF = 0x158
                    0x0158                  _IC7BUF = 0x158
                    0x015a                  IC7CON = 0x15a
                    0x015a                  _IC7CON = 0x15a
                    0x015a                  _IC7CONbits = 0x15a
                    0x015c                  IC8BUF = 0x15c
                    0x015c                  _IC8BUF = 0x15c
                    0x015e                  IC8CON = 0x15e
                    0x015e                  _IC8CON = 0x15e
                    0x015e                  _IC8CONbits = 0x15e
                    0x0180                  OC1RS = 0x180
                    0x0180                  _OC1RS = 0x180
                    0x0182                  OC1R = 0x182
                    0x0182                  _OC1R = 0x182
                    0x0184                  OC1CON = 0x184
                    0x0184                  _OC1CON = 0x184
                    0x0184                  _OC1CONbits = 0x184
                    0x0186                  OC2RS = 0x186
                    0x0186                  _OC2RS = 0x186
                    0x0188                  OC2R = 0x188
                    0x0188                  _OC2R = 0x188
                    0x018a                  OC2CON = 0x18a
                    0x018a                  _OC2CON = 0x18a
                    0x018a                  _OC2CONbits = 0x18a
                    0x0200                  I2C1RCV = 0x200
                    0x0200                  _I2C1RCV = 0x200
                    0x0200                  I2CRCV = 0x200
                    0x0200                  _I2CRCV = 0x200
                    0x0202                  I2C1TRN = 0x202
                    0x0202                  _I2C1TRN = 0x202
                    0x0202                  I2CTRN = 0x202
                    0x0202                  _I2CTRN = 0x202
                    0x0204                  I2C1BRG = 0x204
                    0x0204                  _I2C1BRG = 0x204
                    0x0206                  I2C1CON = 0x206
                    0x0206                  _I2C1CON = 0x206
                    0x0206                  _I2C1CONbits = 0x206
                    0x0206                  I2CCON = 0x206
                    0x0206                  _I2CCON = 0x206
                    0x0206                  _I2CCONbits = 0x206
                    0x0208                  I2C1STAT = 0x208
                    0x0208                  _I2C1STAT = 0x208
                    0x0208                  _I2C1STATbits = 0x208
                    0x0208                  I2CSTAT = 0x208
                    0x0208                  _I2CSTAT = 0x208
                    0x0208                  _I2CSTATbits = 0x208
                    0x020a                  I2C1ADD = 0x20a
                    0x020a                  _I2C1ADD = 0x20a
                    0x020a                  I2CADD = 0x20a
                    0x020a                  _I2CADD = 0x20a
                    0x020c                  I2C1MSK = 0x20c
                    0x020c                  _I2C1MSK = 0x20c
                    0x0220                  U1MODE = 0x220
                    0x0220                  _U1MODE = 0x220
                    0x0220                  _U1MODEbits = 0x220
                    0x0222                  U1STA = 0x222
                    0x0222                  _U1STA = 0x222
                    0x0222                  _U1STAbits = 0x222
                    0x0224                  U1TXREG = 0x224
                    0x0224                  _U1TXREG = 0x224
                    0x0224                  _U1TXREGbits = 0x224
                    0x0226                  U1RXREG = 0x226
                    0x0226                  _U1RXREG = 0x226
                    0x0226                  _U1RXREGbits = 0x226
                    0x0228                  U1BRG = 0x228
                    0x0228                  _U1BRG = 0x228
                    0x0240                  SPI1STAT = 0x240
                    0x0240                  _SPI1STAT = 0x240
                    0x0240                  _SPI1STATbits = 0x240
                    0x0242                  SPI1CON1 = 0x242
                    0x0242                  _SPI1CON1 = 0x242
                    0x0242                  _SPI1CON1bits = 0x242
                    0x0244                  SPI1CON2 = 0x244
                    0x0244                  _SPI1CON2 = 0x244
                    0x0244                  _SPI1CON2bits = 0x244
                    0x0248                  SPI1BUF = 0x248
                    0x0248                  _SPI1BUF = 0x248
                    0x02c0                  TRISA = 0x2c0
                    0x02c0                  _TRISA = 0x2c0
                    0x02c0                  _TRISAbits = 0x2c0
                    0x02c2                  PORTA = 0x2c2
                    0x02c2                  _PORTA = 0x2c2
                    0x02c2                  _PORTAbits = 0x2c2
                    0x02c4                  LATA = 0x2c4
                    0x02c4                  _LATA = 0x2c4
                    0x02c4                  _LATAbits = 0x2c4
                    0x02c6                  ODCA = 0x2c6
                    0x02c6                  _ODCA = 0x2c6
                    0x02c6                  _ODCAbits = 0x2c6
                    0x02c8                  TRISB = 0x2c8
                    0x02c8                  _TRISB = 0x2c8
                    0x02c8                  _TRISBbits = 0x2c8
                    0x02ca                  PORTB = 0x2ca
                    0x02ca                  _PORTB = 0x2ca
                    0x02ca                  _PORTBbits = 0x2ca
                    0x02cc                  LATB = 0x2cc
                    0x02cc                  _LATB = 0x2cc
                    0x02cc                  _LATBbits = 0x2cc
                    0x02ce                  ODCB = 0x2ce
                    0x02ce                  _ODCB = 0x2ce
                    0x02ce                  _ODCBbits = 0x2ce
                    0x0300                  ADC1BUF0 = 0x300
                    0x0300                  _ADC1BUF0 = 0x300
                    0x0300                  ADCBUF0 = 0x300
                    0x0300                  _ADCBUF0 = 0x300
                    0x0302                  ADC1BUF1 = 0x302
                    0x0302                  _ADC1BUF1 = 0x302
                    0x0302                  ADCBUF1 = 0x302
                    0x0302                  _ADCBUF1 = 0x302
                    0x0304                  ADC1BUF2 = 0x304
                    0x0304                  _ADC1BUF2 = 0x304
                    0x0304                  ADCBUF2 = 0x304
                    0x0304                  _ADCBUF2 = 0x304
                    0x0306                  ADC1BUF3 = 0x306
                    0x0306                  _ADC1BUF3 = 0x306
                    0x0306                  ADCBUF3 = 0x306
                    0x0306                  _ADCBUF3 = 0x306
                    0x0308                  ADC1BUF4 = 0x308
                    0x0308                  _ADC1BUF4 = 0x308
                    0x0308                  ADCBUF4 = 0x308
                    0x0308                  _ADCBUF4 = 0x308
                    0x030a                  ADC1BUF5 = 0x30a
                    0x030a                  _ADC1BUF5 = 0x30a
                    0x030a                  ADCBUF5 = 0x30a
                    0x030a                  _ADCBUF5 = 0x30a
                    0x030c                  ADC1BUF6 = 0x30c
                    0x030c                  _ADC1BUF6 = 0x30c
                    0x030c                  ADCBUF6 = 0x30c
                    0x030c                  _ADCBUF6 = 0x30c
                    0x030e                  ADC1BUF7 = 0x30e
                    0x030e                  _ADC1BUF7 = 0x30e
                    0x030e                  ADCBUF7 = 0x30e
                    0x030e                  _ADCBUF7 = 0x30e
                    0x0310                  ADC1BUF8 = 0x310
                    0x0310                  _ADC1BUF8 = 0x310
                    0x0310                  ADCBUF8 = 0x310
                    0x0310                  _ADCBUF8 = 0x310
                    0x0312                  ADC1BUF9 = 0x312
                    0x0312                  _ADC1BUF9 = 0x312
                    0x0312                  ADCBUF9 = 0x312
                    0x0312                  _ADCBUF9 = 0x312
                    0x0314                  ADC1BUFA = 0x314
                    0x0314                  _ADC1BUFA = 0x314
                    0x0314                  ADCBUFA = 0x314
                    0x0314                  _ADCBUFA = 0x314
                    0x0316                  ADC1BUFB = 0x316
                    0x0316                  _ADC1BUFB = 0x316
                    0x0316                  ADCBUFB = 0x316
                    0x0316                  _ADCBUFB = 0x316
                    0x0318                  ADC1BUFC = 0x318
                    0x0318                  _ADC1BUFC = 0x318
                    0x0318                  ADCBUFC = 0x318
                    0x0318                  _ADCBUFC = 0x318
                    0x031a                  ADC1BUFD = 0x31a
                    0x031a                  _ADC1BUFD = 0x31a
                    0x031a                  ADCBUFD = 0x31a
                    0x031a                  _ADCBUFD = 0x31a
                    0x031c                  ADC1BUFE = 0x31c
                    0x031c                  _ADC1BUFE = 0x31c
                    0x031c                  ADCBUFE = 0x31c
                    0x031c                  _ADCBUFE = 0x31c
                    0x031e                  ADC1BUFF = 0x31e
                    0x031e                  _ADC1BUFF = 0x31e
                    0x031e                  ADCBUFF = 0x31e
                    0x031e                  _ADCBUFF = 0x31e
                    0x0320                  AD1CON1 = 0x320
                    0x0320                  _AD1CON1 = 0x320
                    0x0320                  _AD1CON1bits = 0x320
                    0x0322                  AD1CON2 = 0x322
                    0x0322                  _AD1CON2 = 0x322
                    0x0322                  _AD1CON2bits = 0x322
                    0x0324                  AD1CON3 = 0x324
                    0x0324                  _AD1CON3 = 0x324
                    0x0324                  _AD1CON3bits = 0x324
                    0x0326                  AD1CHS123 = 0x326
                    0x0326                  _AD1CHS123 = 0x326
                    0x0326                  _AD1CHS123bits = 0x326
                    0x0328                  AD1CHS0 = 0x328
                    0x0328                  _AD1CHS0 = 0x328
                    0x0328                  _AD1CHS0bits = 0x328
                    0x032c                  AD1PCFGL = 0x32c
                    0x032c                  _AD1PCFGL = 0x32c
                    0x032c                  _AD1PCFGLbits = 0x32c
                    0x032c                  ADPCFG = 0x32c
                    0x032c                  _ADPCFG = 0x32c
                    0x032c                  _ADPCFGbits = 0x32c
                    0x0330                  AD1CSSL = 0x330
                    0x0330                  _AD1CSSL = 0x330
                    0x0330                  _AD1CSSLbits = 0x330
                    0x0680                  RPINR0 = 0x680
                    0x0680                  _RPINR0 = 0x680
                    0x0680                  _RPINR0bits = 0x680
                    0x0682                  RPINR1 = 0x682
                    0x0682                  _RPINR1 = 0x682
                    0x0682                  _RPINR1bits = 0x682
                    0x0686                  RPINR3 = 0x686
                    0x0686                  _RPINR3 = 0x686
                    0x0686                  _RPINR3bits = 0x686
                    0x068e                  RPINR7 = 0x68e
                    0x068e                  _RPINR7 = 0x68e
                    0x068e                  _RPINR7bits = 0x68e
                    0x0694                  RPINR10 = 0x694
                    0x0694                  _RPINR10 = 0x694
                    0x0694                  _RPINR10bits = 0x694
                    0x0696                  RPINR11 = 0x696
                    0x0696                  _RPINR11 = 0x696
                    0x0696                  _RPINR11bits = 0x696
                    0x06a4                  RPINR18 = 0x6a4
                    0x06a4                  _RPINR18 = 0x6a4
                    0x06a4                  _RPINR18bits = 0x6a4
                    0x06a8                  RPINR20 = 0x6a8
                    0x06a8                  _RPINR20 = 0x6a8
                    0x06a8                  _RPINR20bits = 0x6a8
                    0x06aa                  RPINR21 = 0x6aa
                    0x06aa                  _RPINR21 = 0x6aa
                    0x06aa                  _RPINR21bits = 0x6aa
                    0x06c0                  RPOR0 = 0x6c0
                    0x06c0                  _RPOR0 = 0x6c0
                    0x06c0                  _RPOR0bits = 0x6c0
                    0x06c2                  RPOR1 = 0x6c2
                    0x06c2                  _RPOR1 = 0x6c2
                    0x06c2                  _RPOR1bits = 0x6c2
                    0x06c4                  RPOR2 = 0x6c4
                    0x06c4                  _RPOR2 = 0x6c4
                    0x06c4                  _RPOR2bits = 0x6c4
                    0x06c6                  RPOR3 = 0x6c6
                    0x06c6                  _RPOR3 = 0x6c6
                    0x06c6                  _RPOR3bits = 0x6c6
                    0x06c8                  RPOR4 = 0x6c8
                    0x06c8                  _RPOR4 = 0x6c8
                    0x06c8                  _RPOR4bits = 0x6c8
                    0x06ca                  RPOR5 = 0x6ca
                    0x06ca                  _RPOR5 = 0x6ca
                    0x06ca                  _RPOR5bits = 0x6ca
                    0x06cc                  RPOR6 = 0x6cc
                    0x06cc                  _RPOR6 = 0x6cc
                    0x06cc                  _RPOR6bits = 0x6cc
                    0x06ce                  RPOR7 = 0x6ce
                    0x06ce                  _RPOR7 = 0x6ce
                    0x06ce                  _RPOR7bits = 0x6ce
                    0x0740                  RCON = 0x740
                    0x0740                  _RCON = 0x740
                    0x0740                  _RCONbits = 0x740
                    0x0742                  OSCCON = 0x742
                    0x0742                  _OSCCON = 0x742
                    0x0742                  _OSCCONbits = 0x742
                    0x0742                  OSCCONL = 0x742
                    0x0742                  _OSCCONL = 0x742
                    0x0743                  OSCCONH = 0x743
                    0x0743                  _OSCCONH = 0x743
                    0x0744                  CLKDIV = 0x744
                    0x0744                  _CLKDIV = 0x744
                    0x0744                  _CLKDIVbits = 0x744
                    0x0746                  PLLFBD = 0x746
                    0x0746                  _PLLFBD = 0x746
                    0x0746                  _PLLFBDbits = 0x746
                    0x0748                  OSCTUN = 0x748
                    0x0748                  _OSCTUN = 0x748
                    0x0748                  _OSCTUNbits = 0x748
                    0x0760                  NVMCON = 0x760
                    0x0760                  _NVMCON = 0x760
                    0x0760                  _NVMCONbits = 0x760
                    0x0766                  NVMKEY = 0x766
                    0x0766                  _NVMKEY = 0x766
                    0x0770                  PMD1 = 0x770
                    0x0770                  _PMD1 = 0x770
                    0x0770                  _PMD1bits = 0x770
                    0x0772                  PMD2 = 0x772
                    0x0772                  _PMD2 = 0x772
                    0x0772                  _PMD2bits = 0x772
                    0x0022                  ACCA = 0x22
                    0x0022                  _ACCA = 0x22
                    0x0028                  ACCB = 0x28
                    0x0028                  _ACCB = 0x28
                    0x0140                  IC1 = 0x140
                    0x0140                  _IC1 = 0x140
                    0x0144                  IC2 = 0x144
                    0x0144                  _IC2 = 0x144
                    0x0158                  IC7 = 0x158
                    0x0158                  _IC7 = 0x158
                    0x015c                  IC8 = 0x15c
                    0x015c                  _IC8 = 0x15c
                    0x0180                  OC1 = 0x180
                    0x0180                  _OC1 = 0x180
                    0x0186                  OC2 = 0x186
                    0x0186                  _OC2 = 0x186
                    0x0240                  SPI1 = 0x240
                    0x0240                  _SPI1 = 0x240
                    0x0220                  UART1 = 0x220
                    0x0220                  _UART1 = 0x220
START GROUP
LOAD c:/program files (x86)/microchip/xc16/v1.25/bin/bin/../../lib\liblega-pic30-elf.a
LOAD c:/program files (x86)/microchip/xc16/v1.25/bin/bin/../../lib\libm-elf.a
LOAD c:/program files (x86)/microchip/xc16/v1.25/bin/bin/../../lib\liblega-c-elf.a
END GROUP
OUTPUT(dist/default/production/proyecto.X.production.elf elf32-pic30)
LOAD default_isr
LOAD data_init

.debug_pubtypes
                  0x0000d8        0x15a
 .debug_pubtypes
                  0x0000d8         0x54 build/default/production/config.o
 .debug_pubtypes
                  0x00012c         0x12 build/default/production/main.o
 .debug_pubtypes
                  0x00013e         0x12 build/default/production/led.o
 .debug_pubtypes
                  0x000150         0x12 build/default/production/humedad.o
 .debug_pubtypes
                  0x000162         0x2f build/default/production/ConversorAD.o
 .debug_pubtypes
                  0x000191         0x12 build/default/production/luminosidad.o
 .debug_pubtypes
                  0x0001a3         0x6b build/default/production/interrupciones.o
 .debug_pubtypes
                  0x00020e         0x12 build/default/production/temperatura.o
 .debug_pubtypes
                  0x000220         0x12 build/default/production/agua.o

__c30_signature
                  0x000232         0x42
 __c30_signature
                  0x000232          0x6 build/default/production/config.o
 __c30_signature
                  0x000238          0x6 build/default/production/main.o
 __c30_signature
                  0x00023e          0x6 build/default/production/led.o
 __c30_signature
                  0x000244          0x6 build/default/production/humedad.o
 __c30_signature
                  0x00024a          0x6 build/default/production/ConversorAD.o
 __c30_signature
                  0x000250          0x6 build/default/production/luminosidad.o
 __c30_signature
                  0x000256          0x6 build/default/production/interrupciones.o
 __c30_signature
                  0x00025c          0x6 build/default/production/temperatura.o
 __c30_signature
                  0x000262          0x6 build/default/production/agua.o
 __c30_signature
                  0x000268          0x6 c:/program files (x86)/microchip/xc16/v1.25/bin/bin/../../lib\liblega-pic30-elf.a(crt0_standard.o)
 __c30_signature
                  0x00026e          0x6 c:/program files (x86)/microchip/xc16/v1.25/bin/bin/../../lib\liblega-pic30-elf.a(data_init_standard.o)

.text             0x00029e        0x3d8
 .text            0x00029e         0xd0 build/default/production/humedad.o
                  0x00029e                  _humedad
 .text            0x00036e         0xd0 build/default/production/luminosidad.o
                  0x00036e                  _luminosidad
 .text            0x00043e         0xd0 build/default/production/temperatura.o
                  0x00043e                  _temperatura
 .text            0x00050e         0x78 build/default/production/ConversorAD.o
                  0x00050e                  _init_ad
                  0x000546                  _get_ad
 .text            0x000586         0x54 build/default/production/config.o
                  0x000586                  _InicializarReloj
 .text            0x0005da         0x2e build/default/production/led.o
                  0x0005da                  _EnciendeLed
                  0x0005f2                  _ApagaLed
 .text            0x000608         0x2c build/default/production/main.o
                  0x000608                  _main
 .text            0x000634         0x28 build/default/production/agua.o
                  0x000634                  _da_agua
 .text            0x00065c         0x1a build/default/production/interrupciones.o
                  0x00065c                  _init_T1

.dinit            0x000676          0x2
 .dinit           0x000676          0x2 data_init
